PLINK v1.90b6.24 64-bit (6 Jun 2021)
Options in effect:
  --allow-extra-chr
  --double-id
  --make-bed
  --out binary_fileset
  --vcf unrelated.trimmed.vcf

Hostname: n1962
Working directory: /u/project/aguillon/dderaad/eagle.mountain.scrubjays/main.text/admixture/remove.unrelated
Start time: Thu Aug 20 15:25:00 2026

Random number seed: 1787264700
193121 MB RAM detected; reserving 96560 MB for main workspace.
--vcf: binary_fileset-temporary.bed + binary_fileset-temporary.bim +
binary_fileset-temporary.fam written.
201511 variants loaded from .bim file.
22 people (0 males, 0 females, 22 ambiguous) loaded from .fam.
Ambiguous sex IDs written to binary_fileset.nosex .
Using 1 thread (no multithreaded calculations invoked).
Before main variant filters, 22 founders and 0 nonfounders present.
Calculating allele frequencies... done.
Total genotyping rate is 0.974158.
201511 variants and 22 people pass filters and QC.
Note: No phenotypes present.
--make-bed to binary_fileset.bed + binary_fileset.bim + binary_fileset.fam ...
done.

End time: Thu Aug 20 15:25:00 2026
