****                   ADMIXTURE Version 1.3.0                  ****
****                    Copyright 2008-2015                     ****
****           David Alexander, Suyash Shringarpure,            ****
****                John  Novembre, Ken Lange                   ****
****                                                            ****
****                 Please cite our paper!                     ****
****   Information at www.genetics.ucla.edu/software/admixture  ****

Cross-validation will be performed.  Folds=5.
Parallel execution requested.  Will use 10 threads.
Random seed: 43
Point estimation method: Block relaxation algorithm
Convergence acceleration algorithm: QuasiNewton, 3 secant conditions
Point estimation will terminate when objective function delta < 0.0001
Estimation of standard errors disabled; will compute point estimates only.
Size of G: 22x201511
Performing five EM steps to prime main algorithm
1 (EM) 	Elapsed: 0.872	Loglikelihood: -3.69272e+06	(delta): 2.58033e+06
2 (EM) 	Elapsed: 0.883	Loglikelihood: -3.45787e+06	(delta): 234850
3 (EM) 	Elapsed: 0.886	Loglikelihood: -3.35274e+06	(delta): 105134
4 (EM) 	Elapsed: 0.913	Loglikelihood: -3.26754e+06	(delta): 85192.9
5 (EM) 	Elapsed: 0.896	Loglikelihood: -3.19176e+06	(delta): 75784.8
Initial loglikelihood: -3.19176e+06
Starting main algorithm
1 (QN/Block) 	Elapsed: 2.055	Loglikelihood: -2.67706e+06	(delta): 514704
2 (QN/Block) 	Elapsed: 2.036	Loglikelihood: -2.49687e+06	(delta): 180184
3 (QN/Block) 	Elapsed: 2.481	Loglikelihood: -2.39272e+06	(delta): 104156
4 (QN/Block) 	Elapsed: 2.728	Loglikelihood: -2.35856e+06	(delta): 34153.5
5 (QN/Block) 	Elapsed: 2.693	Loglikelihood: -2.3441e+06	(delta): 14464.8
6 (QN/Block) 	Elapsed: 3.77	Loglikelihood: -2.33891e+06	(delta): 5183.17
7 (QN/Block) 	Elapsed: 3.336	Loglikelihood: -2.33713e+06	(delta): 1785.76
8 (QN/Block) 	Elapsed: 3.024	Loglikelihood: -2.33607e+06	(delta): 1054.25
9 (QN/Block) 	Elapsed: 2.704	Loglikelihood: -2.33414e+06	(delta): 1932.74
10 (QN/Block) 	Elapsed: 3.277	Loglikelihood: -2.33368e+06	(delta): 463.327
11 (QN/Block) 	Elapsed: 3.478	Loglikelihood: -2.3327e+06	(delta): 982.116
12 (QN/Block) 	Elapsed: 2.796	Loglikelihood: -2.33219e+06	(delta): 506.59
13 (QN/Block) 	Elapsed: 2.428	Loglikelihood: -2.33218e+06	(delta): 9.81184
14 (QN/Block) 	Elapsed: 2.524	Loglikelihood: -2.33218e+06	(delta): 0.476442
15 (QN/Block) 	Elapsed: 2.296	Loglikelihood: -2.33218e+06	(delta): 0.00128311
16 (QN/Block) 	Elapsed: 2.411	Loglikelihood: -2.33218e+06	(delta): 4.19095e-09
Summary: 
Converged in 16 iterations (49.458 sec)
Loglikelihood: -2332179.534940
Fst divergences between estimated populations: 
	Pop0	Pop1	Pop2	Pop3	Pop4	Pop5	Pop6	Pop7	Pop8	
Pop0	
Pop1	0.400	
Pop2	0.468	0.372	
Pop3	0.384	0.255	0.378	
Pop4	0.441	0.337	0.250	0.343	
Pop5	0.462	0.364	0.234	0.370	0.250	
Pop6	0.415	0.322	0.182	0.327	0.203	0.186	
Pop7	0.373	0.239	0.367	0.238	0.333	0.359	0.317	
Pop8	0.427	0.334	0.189	0.340	0.212	0.200	0.144	0.329	
Pop9	0.445	0.348	0.240	0.354	0.250	0.243	0.190	0.343	0.208	
CV error (K=10): 2.33098
Writing output files.
