****                   ADMIXTURE Version 1.3.0                  ****
****                    Copyright 2008-2015                     ****
****           David Alexander, Suyash Shringarpure,            ****
****                John  Novembre, Ken Lange                   ****
****                                                            ****
****                 Please cite our paper!                     ****
****   Information at www.genetics.ucla.edu/software/admixture  ****

Cross-validation will be performed.  Folds=5.
Parallel execution requested.  Will use 10 threads.
Random seed: 43
Point estimation method: Block relaxation algorithm
Convergence acceleration algorithm: QuasiNewton, 3 secant conditions
Point estimation will terminate when objective function delta < 0.0001
Estimation of standard errors disabled; will compute point estimates only.
Size of G: 22x201511
Performing five EM steps to prime main algorithm
1 (EM) 	Elapsed: 0.251	Loglikelihood: -3.72027e+06	(delta): 3.66178e+06
2 (EM) 	Elapsed: 0.349	Loglikelihood: -3.54404e+06	(delta): 176227
3 (EM) 	Elapsed: 0.316	Loglikelihood: -3.48265e+06	(delta): 61388.6
4 (EM) 	Elapsed: 0.333	Loglikelihood: -3.4453e+06	(delta): 37346.8
5 (EM) 	Elapsed: 0.428	Loglikelihood: -3.41828e+06	(delta): 27027.8
Initial loglikelihood: -3.41828e+06
Starting main algorithm
1 (QN/Block) 	Elapsed: 0.901	Loglikelihood: -3.20534e+06	(delta): 212940
2 (QN/Block) 	Elapsed: 0.842	Loglikelihood: -3.15029e+06	(delta): 55045.4
3 (QN/Block) 	Elapsed: 1.082	Loglikelihood: -3.13179e+06	(delta): 18504.2
4 (QN/Block) 	Elapsed: 1.283	Loglikelihood: -3.12232e+06	(delta): 9467.76
5 (QN/Block) 	Elapsed: 1.237	Loglikelihood: -3.11836e+06	(delta): 3953.17
6 (QN/Block) 	Elapsed: 1.241	Loglikelihood: -3.11783e+06	(delta): 533.744
7 (QN/Block) 	Elapsed: 1.111	Loglikelihood: -3.11782e+06	(delta): 6.37014
8 (QN/Block) 	Elapsed: 1.036	Loglikelihood: -3.11782e+06	(delta): 4.02115
9 (QN/Block) 	Elapsed: 0.913	Loglikelihood: -3.11782e+06	(delta): 0.919978
10 (QN/Block) 	Elapsed: 0.907	Loglikelihood: -3.11782e+06	(delta): 0.100121
11 (QN/Block) 	Elapsed: 1.046	Loglikelihood: -3.11782e+06	(delta): 0.00602645
12 (QN/Block) 	Elapsed: 1.006	Loglikelihood: -3.11782e+06	(delta): 0.000952438
13 (QN/Block) 	Elapsed: 0.951	Loglikelihood: -3.11782e+06	(delta): 2.34274e-06
Summary: 
Converged in 13 iterations (16.068 sec)
Loglikelihood: -3117819.466776
Fst divergences between estimated populations: 
	Pop0	
Pop0	
Pop1	0.216	
CV error (K=2): 0.71068
Writing output files.
