****                   ADMIXTURE Version 1.3.0                  ****
****                    Copyright 2008-2015                     ****
****           David Alexander, Suyash Shringarpure,            ****
****                John  Novembre, Ken Lange                   ****
****                                                            ****
****                 Please cite our paper!                     ****
****   Information at www.genetics.ucla.edu/software/admixture  ****

Cross-validation will be performed.  Folds=5.
Parallel execution requested.  Will use 10 threads.
Random seed: 43
Point estimation method: Block relaxation algorithm
Convergence acceleration algorithm: QuasiNewton, 3 secant conditions
Point estimation will terminate when objective function delta < 0.0001
Estimation of standard errors disabled; will compute point estimates only.
Size of G: 22x201511
Performing five EM steps to prime main algorithm
1 (EM) 	Elapsed: 0.397	Loglikelihood: -3.74629e+06	(delta): 3.16758e+06
2 (EM) 	Elapsed: 0.501	Loglikelihood: -3.55601e+06	(delta): 190283
3 (EM) 	Elapsed: 0.355	Loglikelihood: -3.48245e+06	(delta): 73562.7
4 (EM) 	Elapsed: 0.368	Loglikelihood: -3.43154e+06	(delta): 50904.2
5 (EM) 	Elapsed: 0.322	Loglikelihood: -3.39139e+06	(delta): 40158.2
Initial loglikelihood: -3.39139e+06
Starting main algorithm
1 (QN/Block) 	Elapsed: 1.085	Loglikelihood: -3.16779e+06	(delta): 223596
2 (QN/Block) 	Elapsed: 1.198	Loglikelihood: -3.07944e+06	(delta): 88347.5
3 (QN/Block) 	Elapsed: 1.522	Loglikelihood: -3.03683e+06	(delta): 42615.2
4 (QN/Block) 	Elapsed: 1.367	Loglikelihood: -3.0166e+06	(delta): 20223.7
5 (QN/Block) 	Elapsed: 1.22	Loglikelihood: -3.00671e+06	(delta): 9894.59
6 (QN/Block) 	Elapsed: 1.423	Loglikelihood: -3.0052e+06	(delta): 1512.74
7 (QN/Block) 	Elapsed: 1.379	Loglikelihood: -3.00512e+06	(delta): 80.1452
8 (QN/Block) 	Elapsed: 1.168	Loglikelihood: -3.00511e+06	(delta): 5.38036
9 (QN/Block) 	Elapsed: 1.138	Loglikelihood: -3.00511e+06	(delta): 0.769115
10 (QN/Block) 	Elapsed: 1.097	Loglikelihood: -3.00511e+06	(delta): 0.233612
11 (QN/Block) 	Elapsed: 1.169	Loglikelihood: -3.00511e+06	(delta): 0.0916227
12 (QN/Block) 	Elapsed: 1.115	Loglikelihood: -3.00511e+06	(delta): 0.0114762
13 (QN/Block) 	Elapsed: 1.43	Loglikelihood: -3.00511e+06	(delta): 0.00169873
14 (QN/Block) 	Elapsed: 1.155	Loglikelihood: -3.00511e+06	(delta): 0.000790589
15 (QN/Block) 	Elapsed: 1.259	Loglikelihood: -3.00511e+06	(delta): 5.13624e-06
Summary: 
Converged in 15 iterations (21.774 sec)
Loglikelihood: -3005109.023254
Fst divergences between estimated populations: 
	Pop0	Pop1	
Pop0	
Pop1	0.183	
Pop2	0.260	0.242	
CV error (K=3): 0.97204
Writing output files.
