****                   ADMIXTURE Version 1.3.0                  ****
****                    Copyright 2008-2015                     ****
****           David Alexander, Suyash Shringarpure,            ****
****                John  Novembre, Ken Lange                   ****
****                                                            ****
****                 Please cite our paper!                     ****
****   Information at www.genetics.ucla.edu/software/admixture  ****

Cross-validation will be performed.  Folds=5.
Parallel execution requested.  Will use 10 threads.
Random seed: 43
Point estimation method: Block relaxation algorithm
Convergence acceleration algorithm: QuasiNewton, 3 secant conditions
Point estimation will terminate when objective function delta < 0.0001
Estimation of standard errors disabled; will compute point estimates only.
Size of G: 22x201511
Performing five EM steps to prime main algorithm
1 (EM) 	Elapsed: 0.472	Loglikelihood: -3.75143e+06	(delta): 2.89218e+06
2 (EM) 	Elapsed: 0.385	Loglikelihood: -3.55783e+06	(delta): 193600
3 (EM) 	Elapsed: 0.398	Loglikelihood: -3.48762e+06	(delta): 70203.5
4 (EM) 	Elapsed: 0.367	Loglikelihood: -3.44069e+06	(delta): 46936.3
5 (EM) 	Elapsed: 0.407	Loglikelihood: -3.40448e+06	(delta): 36202.3
Initial loglikelihood: -3.40448e+06
Starting main algorithm
1 (QN/Block) 	Elapsed: 1.143	Loglikelihood: -3.15615e+06	(delta): 248331
2 (QN/Block) 	Elapsed: 1.06	Loglikelihood: -3.01481e+06	(delta): 141347
3 (QN/Block) 	Elapsed: 1.362	Loglikelihood: -2.9469e+06	(delta): 67907.4
4 (QN/Block) 	Elapsed: 1.153	Loglikelihood: -2.91198e+06	(delta): 34914.6
5 (QN/Block) 	Elapsed: 1.404	Loglikelihood: -2.89587e+06	(delta): 16109.2
6 (QN/Block) 	Elapsed: 1.525	Loglikelihood: -2.8896e+06	(delta): 6273.6
7 (QN/Block) 	Elapsed: 1.615	Loglikelihood: -2.88791e+06	(delta): 1691.36
8 (QN/Block) 	Elapsed: 1.53	Loglikelihood: -2.88772e+06	(delta): 188.053
9 (QN/Block) 	Elapsed: 1.315	Loglikelihood: -2.8877e+06	(delta): 23.2611
10 (QN/Block) 	Elapsed: 1.544	Loglikelihood: -2.88769e+06	(delta): 4.24909
11 (QN/Block) 	Elapsed: 1.571	Loglikelihood: -2.88769e+06	(delta): 0.363442
12 (QN/Block) 	Elapsed: 1.589	Loglikelihood: -2.88769e+06	(delta): 3.12079
13 (QN/Block) 	Elapsed: 1.486	Loglikelihood: -2.88765e+06	(delta): 42.8709
14 (QN/Block) 	Elapsed: 1.747	Loglikelihood: -2.88746e+06	(delta): 188.887
15 (QN/Block) 	Elapsed: 1.425	Loglikelihood: -2.88742e+06	(delta): 37.0367
16 (QN/Block) 	Elapsed: 1.257	Loglikelihood: -2.88738e+06	(delta): 45.1978
17 (QN/Block) 	Elapsed: 1.184	Loglikelihood: -2.88732e+06	(delta): 60.5417
18 (QN/Block) 	Elapsed: 1.228	Loglikelihood: -2.88723e+06	(delta): 82.6393
19 (QN/Block) 	Elapsed: 1.385	Loglikelihood: -2.88722e+06	(delta): 9.33093
20 (QN/Block) 	Elapsed: 1.442	Loglikelihood: -2.88722e+06	(delta): 0.00850519
21 (QN/Block) 	Elapsed: 1.205	Loglikelihood: -2.88722e+06	(delta): 2.91923e-06
Summary: 
Converged in 21 iterations (32.64 sec)
Loglikelihood: -2887224.164518
Fst divergences between estimated populations: 
	Pop0	Pop1	Pop2	
Pop0	
Pop1	0.224	
Pop2	0.275	0.164	
Pop3	0.273	0.169	0.246	
CV error (K=4): 1.22588
Writing output files.
