****                   ADMIXTURE Version 1.3.0                  ****
****                    Copyright 2008-2015                     ****
****           David Alexander, Suyash Shringarpure,            ****
****                John  Novembre, Ken Lange                   ****
****                                                            ****
****                 Please cite our paper!                     ****
****   Information at www.genetics.ucla.edu/software/admixture  ****

Cross-validation will be performed.  Folds=5.
Parallel execution requested.  Will use 10 threads.
Random seed: 43
Point estimation method: Block relaxation algorithm
Convergence acceleration algorithm: QuasiNewton, 3 secant conditions
Point estimation will terminate when objective function delta < 0.0001
Estimation of standard errors disabled; will compute point estimates only.
Size of G: 22x201511
Performing five EM steps to prime main algorithm
1 (EM) 	Elapsed: 0.401	Loglikelihood: -3.73479e+06	(delta): 2.77846e+06
2 (EM) 	Elapsed: 0.391	Loglikelihood: -3.52597e+06	(delta): 208816
3 (EM) 	Elapsed: 0.443	Loglikelihood: -3.44057e+06	(delta): 85402.5
4 (EM) 	Elapsed: 0.426	Loglikelihood: -3.37606e+06	(delta): 64508.1
5 (EM) 	Elapsed: 0.418	Loglikelihood: -3.32085e+06	(delta): 55217.6
Initial loglikelihood: -3.32085e+06
Starting main algorithm
1 (QN/Block) 	Elapsed: 1.544	Loglikelihood: -2.98228e+06	(delta): 338564
2 (QN/Block) 	Elapsed: 1.428	Loglikelihood: -2.88815e+06	(delta): 94126.5
3 (QN/Block) 	Elapsed: 1.566	Loglikelihood: -2.85097e+06	(delta): 37187.5
4 (QN/Block) 	Elapsed: 1.51	Loglikelihood: -2.82598e+06	(delta): 24988.1
5 (QN/Block) 	Elapsed: 1.372	Loglikelihood: -2.8113e+06	(delta): 14675.4
6 (QN/Block) 	Elapsed: 1.706	Loglikelihood: -2.80416e+06	(delta): 7147.67
7 (QN/Block) 	Elapsed: 1.791	Loglikelihood: -2.79884e+06	(delta): 5315.26
8 (QN/Block) 	Elapsed: 1.734	Loglikelihood: -2.79305e+06	(delta): 5787.51
9 (QN/Block) 	Elapsed: 1.842	Loglikelihood: -2.78784e+06	(delta): 5208.97
10 (QN/Block) 	Elapsed: 1.512	Loglikelihood: -2.78375e+06	(delta): 4095.9
11 (QN/Block) 	Elapsed: 1.503	Loglikelihood: -2.78116e+06	(delta): 2589.34
12 (QN/Block) 	Elapsed: 1.656	Loglikelihood: -2.77944e+06	(delta): 1720.24
13 (QN/Block) 	Elapsed: 1.408	Loglikelihood: -2.7792e+06	(delta): 240.151
14 (QN/Block) 	Elapsed: 1.541	Loglikelihood: -2.779e+06	(delta): 195.131
15 (QN/Block) 	Elapsed: 1.703	Loglikelihood: -2.77897e+06	(delta): 37.1085
16 (QN/Block) 	Elapsed: 1.893	Loglikelihood: -2.77887e+06	(delta): 91.788
17 (QN/Block) 	Elapsed: 1.898	Loglikelihood: -2.77862e+06	(delta): 255.156
18 (QN/Block) 	Elapsed: 1.756	Loglikelihood: -2.77846e+06	(delta): 156.54
19 (QN/Block) 	Elapsed: 1.901	Loglikelihood: -2.77846e+06	(delta): 2.1411
20 (QN/Block) 	Elapsed: 1.963	Loglikelihood: -2.77846e+06	(delta): 5.21079
21 (QN/Block) 	Elapsed: 1.807	Loglikelihood: -2.77844e+06	(delta): 13.9579
22 (QN/Block) 	Elapsed: 1.419	Loglikelihood: -2.77843e+06	(delta): 15.8921
23 (QN/Block) 	Elapsed: 1.827	Loglikelihood: -2.77833e+06	(delta): 100.096
24 (QN/Block) 	Elapsed: 1.693	Loglikelihood: -2.77811e+06	(delta): 213.254
25 (QN/Block) 	Elapsed: 1.667	Loglikelihood: -2.77809e+06	(delta): 19.2979
26 (QN/Block) 	Elapsed: 1.525	Loglikelihood: -2.77809e+06	(delta): 0.00323569
27 (QN/Block) 	Elapsed: 1.552	Loglikelihood: -2.77809e+06	(delta): 2.94298e-07
Summary: 
Converged in 27 iterations (48.437 sec)
Loglikelihood: -2778092.991537
Fst divergences between estimated populations: 
	Pop0	Pop1	Pop2	Pop3	
Pop0	
Pop1	0.284	
Pop2	0.102	0.277	
Pop3	0.263	0.184	0.259	
Pop4	0.149	0.309	0.119	0.287	
CV error (K=5): 1.44457
Writing output files.
