****                   ADMIXTURE Version 1.3.0                  ****
****                    Copyright 2008-2015                     ****
****           David Alexander, Suyash Shringarpure,            ****
****                John  Novembre, Ken Lange                   ****
****                                                            ****
****                 Please cite our paper!                     ****
****   Information at www.genetics.ucla.edu/software/admixture  ****

Cross-validation will be performed.  Folds=5.
Parallel execution requested.  Will use 10 threads.
Random seed: 43
Point estimation method: Block relaxation algorithm
Convergence acceleration algorithm: QuasiNewton, 3 secant conditions
Point estimation will terminate when objective function delta < 0.0001
Estimation of standard errors disabled; will compute point estimates only.
Size of G: 22x201511
Performing five EM steps to prime main algorithm
1 (EM) 	Elapsed: 0.604	Loglikelihood: -3.74703e+06	(delta): 2.68048e+06
2 (EM) 	Elapsed: 0.602	Loglikelihood: -3.54982e+06	(delta): 197203
3 (EM) 	Elapsed: 0.55	Loglikelihood: -3.47912e+06	(delta): 70701.8
4 (EM) 	Elapsed: 0.663	Loglikelihood: -3.42797e+06	(delta): 51155.8
5 (EM) 	Elapsed: 0.583	Loglikelihood: -3.38459e+06	(delta): 43378.7
Initial loglikelihood: -3.38459e+06
Starting main algorithm
1 (QN/Block) 	Elapsed: 2.077	Loglikelihood: -2.99163e+06	(delta): 392955
2 (QN/Block) 	Elapsed: 2.064	Loglikelihood: -2.83911e+06	(delta): 152519
3 (QN/Block) 	Elapsed: 2.325	Loglikelihood: -2.76255e+06	(delta): 76568
4 (QN/Block) 	Elapsed: 1.975	Loglikelihood: -2.72836e+06	(delta): 34189.4
5 (QN/Block) 	Elapsed: 1.858	Loglikelihood: -2.71291e+06	(delta): 15447.5
6 (QN/Block) 	Elapsed: 2.029	Loglikelihood: -2.70536e+06	(delta): 7547.62
7 (QN/Block) 	Elapsed: 1.668	Loglikelihood: -2.70225e+06	(delta): 3113.16
8 (QN/Block) 	Elapsed: 1.804	Loglikelihood: -2.69939e+06	(delta): 2854.46
9 (QN/Block) 	Elapsed: 1.67	Loglikelihood: -2.69685e+06	(delta): 2548.98
10 (QN/Block) 	Elapsed: 1.942	Loglikelihood: -2.69498e+06	(delta): 1865.92
11 (QN/Block) 	Elapsed: 1.967	Loglikelihood: -2.6924e+06	(delta): 2576.44
12 (QN/Block) 	Elapsed: 1.99	Loglikelihood: -2.69069e+06	(delta): 1713.56
13 (QN/Block) 	Elapsed: 2.197	Loglikelihood: -2.68913e+06	(delta): 1554.97
14 (QN/Block) 	Elapsed: 2.376	Loglikelihood: -2.68684e+06	(delta): 2297.67
15 (QN/Block) 	Elapsed: 2.176	Loglikelihood: -2.68468e+06	(delta): 2154.43
16 (QN/Block) 	Elapsed: 1.953	Loglikelihood: -2.68154e+06	(delta): 3145.9
17 (QN/Block) 	Elapsed: 2.005	Loglikelihood: -2.67878e+06	(delta): 2752.2
18 (QN/Block) 	Elapsed: 2.17	Loglikelihood: -2.67722e+06	(delta): 1566.84
19 (QN/Block) 	Elapsed: 2.264	Loglikelihood: -2.67537e+06	(delta): 1847.19
20 (QN/Block) 	Elapsed: 2.213	Loglikelihood: -2.6733e+06	(delta): 2073.21
21 (QN/Block) 	Elapsed: 2.331	Loglikelihood: -2.67136e+06	(delta): 1935.74
22 (QN/Block) 	Elapsed: 1.721	Loglikelihood: -2.66997e+06	(delta): 1390.79
23 (QN/Block) 	Elapsed: 2.267	Loglikelihood: -2.66927e+06	(delta): 699.878
24 (QN/Block) 	Elapsed: 2.252	Loglikelihood: -2.66822e+06	(delta): 1048.03
25 (QN/Block) 	Elapsed: 2.181	Loglikelihood: -2.66814e+06	(delta): 82.7675
26 (QN/Block) 	Elapsed: 2.048	Loglikelihood: -2.66814e+06	(delta): 0.78507
27 (QN/Block) 	Elapsed: 2.037	Loglikelihood: -2.66814e+06	(delta): 0.14007
28 (QN/Block) 	Elapsed: 1.882	Loglikelihood: -2.66814e+06	(delta): 0.146096
29 (QN/Block) 	Elapsed: 2.109	Loglikelihood: -2.66814e+06	(delta): 0.157374
30 (QN/Block) 	Elapsed: 1.845	Loglikelihood: -2.66814e+06	(delta): 0.169093
31 (QN/Block) 	Elapsed: 1.981	Loglikelihood: -2.66814e+06	(delta): 0.174792
32 (QN/Block) 	Elapsed: 1.817	Loglikelihood: -2.66814e+06	(delta): 0.647054
33 (QN/Block) 	Elapsed: 1.664	Loglikelihood: -2.66814e+06	(delta): 0.223345
34 (QN/Block) 	Elapsed: 1.869	Loglikelihood: -2.66814e+06	(delta): 0.0831624
35 (QN/Block) 	Elapsed: 1.823	Loglikelihood: -2.66814e+06	(delta): 0.0701813
36 (QN/Block) 	Elapsed: 1.691	Loglikelihood: -2.66814e+06	(delta): 0.0539991
37 (QN/Block) 	Elapsed: 1.708	Loglikelihood: -2.66814e+06	(delta): 0.013445
38 (QN/Block) 	Elapsed: 1.739	Loglikelihood: -2.66814e+06	(delta): 0.0211721
39 (QN/Block) 	Elapsed: 1.711	Loglikelihood: -2.66814e+06	(delta): 0.00133592
40 (QN/Block) 	Elapsed: 1.641	Loglikelihood: -2.66814e+06	(delta): 2.3697e-05
Summary: 
Converged in 40 iterations (84.142 sec)
Loglikelihood: -2668137.116161
Fst divergences between estimated populations: 
	Pop0	Pop1	Pop2	Pop3	Pop4	
Pop0	
Pop1	0.132	
Pop2	0.172	0.218	
Pop3	0.150	0.202	0.227	
Pop4	0.262	0.295	0.285	0.293	
Pop5	0.282	0.316	0.314	0.315	0.185	
CV error (K=6): 1.64979
Writing output files.
