****                   ADMIXTURE Version 1.3.0                  ****
****                    Copyright 2008-2015                     ****
****           David Alexander, Suyash Shringarpure,            ****
****                John  Novembre, Ken Lange                   ****
****                                                            ****
****                 Please cite our paper!                     ****
****   Information at www.genetics.ucla.edu/software/admixture  ****

Cross-validation will be performed.  Folds=5.
Parallel execution requested.  Will use 10 threads.
Random seed: 43
Point estimation method: Block relaxation algorithm
Convergence acceleration algorithm: QuasiNewton, 3 secant conditions
Point estimation will terminate when objective function delta < 0.0001
Estimation of standard errors disabled; will compute point estimates only.
Size of G: 22x201511
Performing five EM steps to prime main algorithm
1 (EM) 	Elapsed: 0.798	Loglikelihood: -3.726e+06	(delta): 2.64823e+06
2 (EM) 	Elapsed: 0.693	Loglikelihood: -3.51537e+06	(delta): 210629
3 (EM) 	Elapsed: 0.7	Loglikelihood: -3.43285e+06	(delta): 82520.9
4 (EM) 	Elapsed: 0.733	Loglikelihood: -3.37033e+06	(delta): 62522.5
5 (EM) 	Elapsed: 0.69	Loglikelihood: -3.3156e+06	(delta): 54729.9
Initial loglikelihood: -3.3156e+06
Starting main algorithm
1 (QN/Block) 	Elapsed: 1.859	Loglikelihood: -2.85608e+06	(delta): 459524
2 (QN/Block) 	Elapsed: 1.91	Loglikelihood: -2.70194e+06	(delta): 154134
3 (QN/Block) 	Elapsed: 2.247	Loglikelihood: -2.63777e+06	(delta): 64172.1
4 (QN/Block) 	Elapsed: 2.076	Loglikelihood: -2.60069e+06	(delta): 37076.7
5 (QN/Block) 	Elapsed: 1.977	Loglikelihood: -2.58297e+06	(delta): 17727.1
6 (QN/Block) 	Elapsed: 1.905	Loglikelihood: -2.57885e+06	(delta): 4111.78
7 (QN/Block) 	Elapsed: 1.966	Loglikelihood: -2.57758e+06	(delta): 1271.09
8 (QN/Block) 	Elapsed: 1.868	Loglikelihood: -2.57695e+06	(delta): 636.809
9 (QN/Block) 	Elapsed: 1.791	Loglikelihood: -2.57636e+06	(delta): 585.81
10 (QN/Block) 	Elapsed: 1.964	Loglikelihood: -2.57602e+06	(delta): 344.035
11 (QN/Block) 	Elapsed: 1.907	Loglikelihood: -2.57523e+06	(delta): 789.271
12 (QN/Block) 	Elapsed: 2.348	Loglikelihood: -2.57352e+06	(delta): 1707.57
13 (QN/Block) 	Elapsed: 2.494	Loglikelihood: -2.57266e+06	(delta): 862.665
14 (QN/Block) 	Elapsed: 2.218	Loglikelihood: -2.57186e+06	(delta): 797.914
15 (QN/Block) 	Elapsed: 2.092	Loglikelihood: -2.57117e+06	(delta): 692.834
16 (QN/Block) 	Elapsed: 1.952	Loglikelihood: -2.57113e+06	(delta): 38.3742
17 (QN/Block) 	Elapsed: 1.951	Loglikelihood: -2.57112e+06	(delta): 6.60578
18 (QN/Block) 	Elapsed: 1.951	Loglikelihood: -2.5711e+06	(delta): 22.5258
19 (QN/Block) 	Elapsed: 2.277	Loglikelihood: -2.57105e+06	(delta): 45.0684
20 (QN/Block) 	Elapsed: 2.047	Loglikelihood: -2.57076e+06	(delta): 297.165
21 (QN/Block) 	Elapsed: 1.99	Loglikelihood: -2.57061e+06	(delta): 142.436
22 (QN/Block) 	Elapsed: 2.149	Loglikelihood: -2.57061e+06	(delta): 7.09565
23 (QN/Block) 	Elapsed: 2.162	Loglikelihood: -2.5706e+06	(delta): 5.96517
24 (QN/Block) 	Elapsed: 2.006	Loglikelihood: -2.5706e+06	(delta): 4.99035
25 (QN/Block) 	Elapsed: 2.137	Loglikelihood: -2.5706e+06	(delta): 0.372137
26 (QN/Block) 	Elapsed: 2.081	Loglikelihood: -2.5706e+06	(delta): 1.43657e-06
Summary: 
Converged in 26 iterations (58.133 sec)
Loglikelihood: -2570595.775045
Fst divergences between estimated populations: 
	Pop0	Pop1	Pop2	Pop3	Pop4	Pop5	
Pop0	
Pop1	0.324	
Pop2	0.299	0.184	
Pop3	0.200	0.302	0.284	
Pop4	0.250	0.352	0.330	0.193	
Pop5	0.218	0.313	0.292	0.149	0.200	
Pop6	0.210	0.318	0.297	0.148	0.197	0.163	
CV error (K=7): 1.82859
Writing output files.
