****                   ADMIXTURE Version 1.3.0                  ****
****                    Copyright 2008-2015                     ****
****           David Alexander, Suyash Shringarpure,            ****
****                John  Novembre, Ken Lange                   ****
****                                                            ****
****                 Please cite our paper!                     ****
****   Information at www.genetics.ucla.edu/software/admixture  ****

Cross-validation will be performed.  Folds=5.
Parallel execution requested.  Will use 10 threads.
Random seed: 43
Point estimation method: Block relaxation algorithm
Convergence acceleration algorithm: QuasiNewton, 3 secant conditions
Point estimation will terminate when objective function delta < 0.0001
Estimation of standard errors disabled; will compute point estimates only.
Size of G: 22x201511
Performing five EM steps to prime main algorithm
1 (EM) 	Elapsed: 1.025	Loglikelihood: -3.70813e+06	(delta): 2.63359e+06
2 (EM) 	Elapsed: 0.938	Loglikelihood: -3.48106e+06	(delta): 227071
3 (EM) 	Elapsed: 0.981	Loglikelihood: -3.38123e+06	(delta): 99826.9
4 (EM) 	Elapsed: 0.885	Loglikelihood: -3.30115e+06	(delta): 80074
5 (EM) 	Elapsed: 0.883	Loglikelihood: -3.23036e+06	(delta): 70795
Initial loglikelihood: -3.23036e+06
Starting main algorithm
1 (QN/Block) 	Elapsed: 2.633	Loglikelihood: -2.80356e+06	(delta): 426795
2 (QN/Block) 	Elapsed: 2.547	Loglikelihood: -2.68778e+06	(delta): 115780
3 (QN/Block) 	Elapsed: 2.947	Loglikelihood: -2.61169e+06	(delta): 76098.8
4 (QN/Block) 	Elapsed: 2.744	Loglikelihood: -2.56323e+06	(delta): 48458.1
5 (QN/Block) 	Elapsed: 2.552	Loglikelihood: -2.54327e+06	(delta): 19957.7
6 (QN/Block) 	Elapsed: 2.214	Loglikelihood: -2.53057e+06	(delta): 12703.3
7 (QN/Block) 	Elapsed: 2.573	Loglikelihood: -2.52544e+06	(delta): 5121.86
8 (QN/Block) 	Elapsed: 2.586	Loglikelihood: -2.52274e+06	(delta): 2701.99
9 (QN/Block) 	Elapsed: 2.595	Loglikelihood: -2.52017e+06	(delta): 2573.84
10 (QN/Block) 	Elapsed: 2.808	Loglikelihood: -2.51941e+06	(delta): 759.729
11 (QN/Block) 	Elapsed: 2.93	Loglikelihood: -2.51743e+06	(delta): 1977.87
12 (QN/Block) 	Elapsed: 2.836	Loglikelihood: -2.51695e+06	(delta): 484.073
13 (QN/Block) 	Elapsed: 3.113	Loglikelihood: -2.5168e+06	(delta): 150.142
14 (QN/Block) 	Elapsed: 2.561	Loglikelihood: -2.5168e+06	(delta): 0.0458453
15 (QN/Block) 	Elapsed: 3.017	Loglikelihood: -2.5168e+06	(delta): 0.00087543
16 (QN/Block) 	Elapsed: 2.43	Loglikelihood: -2.5168e+06	(delta): 2.62656e-05
Summary: 
Converged in 16 iterations (48.604 sec)
Loglikelihood: -2516797.022198
Fst divergences between estimated populations: 
	Pop0	Pop1	Pop2	Pop3	Pop4	Pop5	Pop6	
Pop0	
Pop1	0.319	
Pop2	0.335	0.126	
Pop3	0.281	0.314	0.329	
Pop4	0.325	0.135	0.157	0.318	
Pop5	0.276	0.313	0.334	0.242	0.317	
Pop6	0.390	0.403	0.422	0.407	0.412	0.402	
Pop7	0.350	0.132	0.154	0.344	0.168	0.343	0.436	
CV error (K=8): 1.34350
Writing output files.
