****                   ADMIXTURE Version 1.3.0                  ****
****                    Copyright 2008-2015                     ****
****           David Alexander, Suyash Shringarpure,            ****
****                John  Novembre, Ken Lange                   ****
****                                                            ****
****                 Please cite our paper!                     ****
****   Information at www.genetics.ucla.edu/software/admixture  ****

Cross-validation will be performed.  Folds=5.
Parallel execution requested.  Will use 10 threads.
Random seed: 43
Point estimation method: Block relaxation algorithm
Convergence acceleration algorithm: QuasiNewton, 3 secant conditions
Point estimation will terminate when objective function delta < 0.0001
Estimation of standard errors disabled; will compute point estimates only.
Size of G: 23x201511
Performing five EM steps to prime main algorithm
1 (EM) 	Elapsed: 0.172	Loglikelihood: -3.7737e+06	(delta): 5.27519e+06
2 (EM) 	Elapsed: 0.201	Loglikelihood: -3.7737e+06	(delta): -9.31323e-10
3 (EM) 	Elapsed: 0.27	Loglikelihood: -3.7737e+06	(delta): 9.31323e-10
4 (EM) 	Elapsed: 0.193	Loglikelihood: -3.7737e+06	(delta): 0
5 (EM) 	Elapsed: 0.199	Loglikelihood: -3.7737e+06	(delta): -4.65661e-10
Initial loglikelihood: -3.7737e+06
Starting main algorithm
1 (QN/Block) 	Elapsed: 0.881	Loglikelihood: -3.7737e+06	(delta): 0
Summary: 
Converged in 1 iterations (2.497 sec)
Loglikelihood: -3773695.327179
CV error (K=1): 0.67348
Writing output files.
