****                   ADMIXTURE Version 1.3.0                  ****
****                    Copyright 2008-2015                     ****
****           David Alexander, Suyash Shringarpure,            ****
****                John  Novembre, Ken Lange                   ****
****                                                            ****
****                 Please cite our paper!                     ****
****   Information at www.genetics.ucla.edu/software/admixture  ****

Cross-validation will be performed.  Folds=5.
Parallel execution requested.  Will use 10 threads.
Random seed: 43
Point estimation method: Block relaxation algorithm
Convergence acceleration algorithm: QuasiNewton, 3 secant conditions
Point estimation will terminate when objective function delta < 0.0001
Estimation of standard errors disabled; will compute point estimates only.
Size of G: 23x201511
Performing five EM steps to prime main algorithm
1 (EM) 	Elapsed: 1.449	Loglikelihood: -3.86302e+06	(delta): 2.68545e+06
2 (EM) 	Elapsed: 1.475	Loglikelihood: -3.61809e+06	(delta): 244933
3 (EM) 	Elapsed: 1.492	Loglikelihood: -3.50949e+06	(delta): 108601
4 (EM) 	Elapsed: 1.665	Loglikelihood: -3.42237e+06	(delta): 87111.4
5 (EM) 	Elapsed: 1.674	Loglikelihood: -3.34555e+06	(delta): 76825.6
Initial loglikelihood: -3.34555e+06
Starting main algorithm
1 (QN/Block) 	Elapsed: 3.893	Loglikelihood: -2.80941e+06	(delta): 536135
2 (QN/Block) 	Elapsed: 4.051	Loglikelihood: -2.62295e+06	(delta): 186466
3 (QN/Block) 	Elapsed: 5.105	Loglikelihood: -2.50085e+06	(delta): 122102
4 (QN/Block) 	Elapsed: 4.523	Loglikelihood: -2.45087e+06	(delta): 49971.4
5 (QN/Block) 	Elapsed: 4.654	Loglikelihood: -2.43668e+06	(delta): 14194.9
6 (QN/Block) 	Elapsed: 3.834	Loglikelihood: -2.43278e+06	(delta): 3903.9
7 (QN/Block) 	Elapsed: 3.777	Loglikelihood: -2.42817e+06	(delta): 4610.87
8 (QN/Block) 	Elapsed: 3.68	Loglikelihood: -2.42688e+06	(delta): 1289.76
9 (QN/Block) 	Elapsed: 4.424	Loglikelihood: -2.42449e+06	(delta): 2384.64
10 (QN/Block) 	Elapsed: 5.244	Loglikelihood: -2.42211e+06	(delta): 2385.37
11 (QN/Block) 	Elapsed: 4.765	Loglikelihood: -2.42161e+06	(delta): 498.425
12 (QN/Block) 	Elapsed: 4.67	Loglikelihood: -2.42086e+06	(delta): 745.364
13 (QN/Block) 	Elapsed: 4.18	Loglikelihood: -2.42077e+06	(delta): 94.1771
14 (QN/Block) 	Elapsed: 4.737	Loglikelihood: -2.42076e+06	(delta): 4.00409
15 (QN/Block) 	Elapsed: 4.92	Loglikelihood: -2.42076e+06	(delta): 1.41476
16 (QN/Block) 	Elapsed: 3.815	Loglikelihood: -2.42076e+06	(delta): 1.63324
17 (QN/Block) 	Elapsed: 3.311	Loglikelihood: -2.42076e+06	(delta): 0.274929
18 (QN/Block) 	Elapsed: 4.55	Loglikelihood: -2.42076e+06	(delta): 0.790748
19 (QN/Block) 	Elapsed: 4.314	Loglikelihood: -2.42076e+06	(delta): 0.00284503
20 (QN/Block) 	Elapsed: 3.628	Loglikelihood: -2.42076e+06	(delta): 1.39698e-09
Summary: 
Converged in 20 iterations (95.558 sec)
Loglikelihood: -2420759.338173
Fst divergences between estimated populations: 
	Pop0	Pop1	Pop2	Pop3	Pop4	Pop5	Pop6	Pop7	Pop8	
Pop0	
Pop1	0.257	
Pop2	0.351	0.337	
Pop3	0.279	0.248	0.340	
Pop4	0.352	0.336	0.216	0.337	
Pop5	0.377	0.362	0.200	0.364	0.250	
Pop6	0.332	0.320	0.146	0.322	0.203	0.186	
Pop7	0.415	0.399	0.297	0.401	0.328	0.327	0.276	
Pop8	0.345	0.332	0.156	0.335	0.212	0.200	0.145	0.295	
Pop9	0.393	0.368	0.438	0.362	0.442	0.464	0.421	0.502	0.433	
CV error (K=10): 2.21614
Writing output files.
