****                   ADMIXTURE Version 1.3.0                  ****
****                    Copyright 2008-2015                     ****
****           David Alexander, Suyash Shringarpure,            ****
****                John  Novembre, Ken Lange                   ****
****                                                            ****
****                 Please cite our paper!                     ****
****   Information at www.genetics.ucla.edu/software/admixture  ****

Cross-validation will be performed.  Folds=5.
Parallel execution requested.  Will use 10 threads.
Random seed: 43
Point estimation method: Block relaxation algorithm
Convergence acceleration algorithm: QuasiNewton, 3 secant conditions
Point estimation will terminate when objective function delta < 0.0001
Estimation of standard errors disabled; will compute point estimates only.
Size of G: 23x201511
Performing five EM steps to prime main algorithm
1 (EM) 	Elapsed: 0.324	Loglikelihood: -3.90951e+06	(delta): 3.78439e+06
2 (EM) 	Elapsed: 0.326	Loglikelihood: -3.73705e+06	(delta): 172458
3 (EM) 	Elapsed: 0.276	Loglikelihood: -3.68091e+06	(delta): 56143.5
4 (EM) 	Elapsed: 0.287	Loglikelihood: -3.64681e+06	(delta): 34101.7
5 (EM) 	Elapsed: 0.336	Loglikelihood: -3.62208e+06	(delta): 24733.1
Initial loglikelihood: -3.62208e+06
Starting main algorithm
1 (QN/Block) 	Elapsed: 1.182	Loglikelihood: -3.43372e+06	(delta): 188360
2 (QN/Block) 	Elapsed: 1.059	Loglikelihood: -3.3494e+06	(delta): 84318.8
3 (QN/Block) 	Elapsed: 1.405	Loglikelihood: -3.3145e+06	(delta): 34898.7
4 (QN/Block) 	Elapsed: 1.606	Loglikelihood: -3.29505e+06	(delta): 19452.9
5 (QN/Block) 	Elapsed: 1.378	Loglikelihood: -3.28543e+06	(delta): 9618.35
6 (QN/Block) 	Elapsed: 1.615	Loglikelihood: -3.28242e+06	(delta): 3007.99
7 (QN/Block) 	Elapsed: 1.345	Loglikelihood: -3.28167e+06	(delta): 749.729
8 (QN/Block) 	Elapsed: 1.571	Loglikelihood: -3.28164e+06	(delta): 29.4582
9 (QN/Block) 	Elapsed: 1.309	Loglikelihood: -3.28163e+06	(delta): 10.1102
10 (QN/Block) 	Elapsed: 1.308	Loglikelihood: -3.28163e+06	(delta): 0.335228
11 (QN/Block) 	Elapsed: 1.296	Loglikelihood: -3.28163e+06	(delta): 0.00696112
12 (QN/Block) 	Elapsed: 1.271	Loglikelihood: -3.28163e+06	(delta): 6.06668e-05
Summary: 
Converged in 12 iterations (19.104 sec)
Loglikelihood: -3281629.964344
Fst divergences between estimated populations: 
	Pop0	
Pop0	
Pop1	0.214	
CV error (K=2): 0.68987
Writing output files.
