****                   ADMIXTURE Version 1.3.0                  ****
****                    Copyright 2008-2015                     ****
****           David Alexander, Suyash Shringarpure,            ****
****                John  Novembre, Ken Lange                   ****
****                                                            ****
****                 Please cite our paper!                     ****
****   Information at www.genetics.ucla.edu/software/admixture  ****

Cross-validation will be performed.  Folds=5.
Parallel execution requested.  Will use 10 threads.
Random seed: 43
Point estimation method: Block relaxation algorithm
Convergence acceleration algorithm: QuasiNewton, 3 secant conditions
Point estimation will terminate when objective function delta < 0.0001
Estimation of standard errors disabled; will compute point estimates only.
Size of G: 23x201511
Performing five EM steps to prime main algorithm
1 (EM) 	Elapsed: 0.336	Loglikelihood: -3.92854e+06	(delta): 3.27792e+06
2 (EM) 	Elapsed: 0.421	Loglikelihood: -3.73783e+06	(delta): 190714
3 (EM) 	Elapsed: 0.419	Loglikelihood: -3.66885e+06	(delta): 68972.6
4 (EM) 	Elapsed: 0.367	Loglikelihood: -3.62194e+06	(delta): 46915.7
5 (EM) 	Elapsed: 0.307	Loglikelihood: -3.58437e+06	(delta): 37563.9
Initial loglikelihood: -3.58437e+06
Starting main algorithm
1 (QN/Block) 	Elapsed: 1.344	Loglikelihood: -3.33946e+06	(delta): 244910
2 (QN/Block) 	Elapsed: 1.221	Loglikelihood: -3.23155e+06	(delta): 107910
3 (QN/Block) 	Elapsed: 1.856	Loglikelihood: -3.15404e+06	(delta): 77509.4
4 (QN/Block) 	Elapsed: 1.907	Loglikelihood: -3.11814e+06	(delta): 35908.1
5 (QN/Block) 	Elapsed: 1.779	Loglikelihood: -3.10721e+06	(delta): 10930.9
6 (QN/Block) 	Elapsed: 1.829	Loglikelihood: -3.10595e+06	(delta): 1253.36
7 (QN/Block) 	Elapsed: 1.769	Loglikelihood: -3.10574e+06	(delta): 217.116
8 (QN/Block) 	Elapsed: 1.671	Loglikelihood: -3.10568e+06	(delta): 53.0443
9 (QN/Block) 	Elapsed: 1.804	Loglikelihood: -3.10565e+06	(delta): 28.6808
10 (QN/Block) 	Elapsed: 1.915	Loglikelihood: -3.10565e+06	(delta): 6.72026
11 (QN/Block) 	Elapsed: 1.971	Loglikelihood: -3.10565e+06	(delta): 0.0617219
12 (QN/Block) 	Elapsed: 1.828	Loglikelihood: -3.10565e+06	(delta): 0.00231944
13 (QN/Block) 	Elapsed: 1.805	Loglikelihood: -3.10565e+06	(delta): 8.74046e-07
Summary: 
Converged in 13 iterations (25.928 sec)
Loglikelihood: -3105646.982928
Fst divergences between estimated populations: 
	Pop0	Pop1	
Pop0	
Pop1	0.329	
Pop2	0.220	0.245	
CV error (K=3): 0.84489
Writing output files.
