****                   ADMIXTURE Version 1.3.0                  ****
****                    Copyright 2008-2015                     ****
****           David Alexander, Suyash Shringarpure,            ****
****                John  Novembre, Ken Lange                   ****
****                                                            ****
****                 Please cite our paper!                     ****
****   Information at www.genetics.ucla.edu/software/admixture  ****

Cross-validation will be performed.  Folds=5.
Parallel execution requested.  Will use 10 threads.
Random seed: 43
Point estimation method: Block relaxation algorithm
Convergence acceleration algorithm: QuasiNewton, 3 secant conditions
Point estimation will terminate when objective function delta < 0.0001
Estimation of standard errors disabled; will compute point estimates only.
Size of G: 23x201511
Performing five EM steps to prime main algorithm
1 (EM) 	Elapsed: 0.341	Loglikelihood: -3.92996e+06	(delta): 3.00334e+06
2 (EM) 	Elapsed: 0.353	Loglikelihood: -3.73257e+06	(delta): 197385
3 (EM) 	Elapsed: 0.398	Loglikelihood: -3.66375e+06	(delta): 68823.7
4 (EM) 	Elapsed: 0.38	Loglikelihood: -3.61805e+06	(delta): 45698.9
5 (EM) 	Elapsed: 0.334	Loglikelihood: -3.5824e+06	(delta): 35651.3
Initial loglikelihood: -3.5824e+06
Starting main algorithm
1 (QN/Block) 	Elapsed: 1.69	Loglikelihood: -3.28169e+06	(delta): 300706
2 (QN/Block) 	Elapsed: 1.65	Loglikelihood: -3.11092e+06	(delta): 170767
3 (QN/Block) 	Elapsed: 1.907	Loglikelihood: -3.04536e+06	(delta): 65558.5
4 (QN/Block) 	Elapsed: 1.776	Loglikelihood: -3.01496e+06	(delta): 30401.2
5 (QN/Block) 	Elapsed: 1.607	Loglikelihood: -2.9995e+06	(delta): 15458.6
6 (QN/Block) 	Elapsed: 1.726	Loglikelihood: -2.99473e+06	(delta): 4773.89
7 (QN/Block) 	Elapsed: 1.669	Loglikelihood: -2.99362e+06	(delta): 1113.94
8 (QN/Block) 	Elapsed: 1.683	Loglikelihood: -2.99331e+06	(delta): 307.087
9 (QN/Block) 	Elapsed: 1.959	Loglikelihood: -2.99319e+06	(delta): 116.553
10 (QN/Block) 	Elapsed: 1.877	Loglikelihood: -2.99315e+06	(delta): 40.9329
11 (QN/Block) 	Elapsed: 1.899	Loglikelihood: -2.99314e+06	(delta): 10.363
12 (QN/Block) 	Elapsed: 2.034	Loglikelihood: -2.99314e+06	(delta): 0.863154
13 (QN/Block) 	Elapsed: 1.739	Loglikelihood: -2.99314e+06	(delta): 0.00241399
14 (QN/Block) 	Elapsed: 1.615	Loglikelihood: -2.99314e+06	(delta): 0.0008624
15 (QN/Block) 	Elapsed: 1.899	Loglikelihood: -2.99314e+06	(delta): 1.47708e-05
Summary: 
Converged in 15 iterations (29.827 sec)
Loglikelihood: -2993141.120675
Fst divergences between estimated populations: 
	Pop0	Pop1	Pop2	
Pop0	
Pop1	0.245	
Pop2	0.381	0.264	
Pop3	0.353	0.245	0.184	
CV error (K=4): 1.09345
Writing output files.
