****                   ADMIXTURE Version 1.3.0                  ****
****                    Copyright 2008-2015                     ****
****           David Alexander, Suyash Shringarpure,            ****
****                John  Novembre, Ken Lange                   ****
****                                                            ****
****                 Please cite our paper!                     ****
****   Information at www.genetics.ucla.edu/software/admixture  ****

Cross-validation will be performed.  Folds=5.
Parallel execution requested.  Will use 10 threads.
Random seed: 43
Point estimation method: Block relaxation algorithm
Convergence acceleration algorithm: QuasiNewton, 3 secant conditions
Point estimation will terminate when objective function delta < 0.0001
Estimation of standard errors disabled; will compute point estimates only.
Size of G: 23x201511
Performing five EM steps to prime main algorithm
1 (EM) 	Elapsed: 0.518	Loglikelihood: -3.91962e+06	(delta): 2.87764e+06
2 (EM) 	Elapsed: 0.654	Loglikelihood: -3.70814e+06	(delta): 211482
3 (EM) 	Elapsed: 0.745	Loglikelihood: -3.62476e+06	(delta): 83375.5
4 (EM) 	Elapsed: 0.683	Loglikelihood: -3.56181e+06	(delta): 62952.9
5 (EM) 	Elapsed: 0.737	Loglikelihood: -3.50737e+06	(delta): 54442.8
Initial loglikelihood: -3.50737e+06
Starting main algorithm
1 (QN/Block) 	Elapsed: 1.738	Loglikelihood: -3.12375e+06	(delta): 383615
2 (QN/Block) 	Elapsed: 1.676	Loglikelihood: -3.00184e+06	(delta): 121914
3 (QN/Block) 	Elapsed: 2.216	Loglikelihood: -2.94419e+06	(delta): 57646
4 (QN/Block) 	Elapsed: 2.062	Loglikelihood: -2.91215e+06	(delta): 32038
5 (QN/Block) 	Elapsed: 1.956	Loglikelihood: -2.89324e+06	(delta): 18915.5
6 (QN/Block) 	Elapsed: 1.731	Loglikelihood: -2.88608e+06	(delta): 7160.71
7 (QN/Block) 	Elapsed: 2.354	Loglikelihood: -2.88348e+06	(delta): 2596.45
8 (QN/Block) 	Elapsed: 2.323	Loglikelihood: -2.88277e+06	(delta): 710.899
9 (QN/Block) 	Elapsed: 2.121	Loglikelihood: -2.88244e+06	(delta): 333.815
10 (QN/Block) 	Elapsed: 2.2	Loglikelihood: -2.88221e+06	(delta): 230.564
11 (QN/Block) 	Elapsed: 1.888	Loglikelihood: -2.88214e+06	(delta): 62.1604
12 (QN/Block) 	Elapsed: 1.842	Loglikelihood: -2.88214e+06	(delta): 1.19226
13 (QN/Block) 	Elapsed: 2.033	Loglikelihood: -2.88214e+06	(delta): 2.68018
14 (QN/Block) 	Elapsed: 2.069	Loglikelihood: -2.88214e+06	(delta): 4.33815
15 (QN/Block) 	Elapsed: 2.103	Loglikelihood: -2.88213e+06	(delta): 9.43118
16 (QN/Block) 	Elapsed: 2.133	Loglikelihood: -2.88211e+06	(delta): 19.7675
17 (QN/Block) 	Elapsed: 2.047	Loglikelihood: -2.88207e+06	(delta): 34.8855
18 (QN/Block) 	Elapsed: 2.432	Loglikelihood: -2.88202e+06	(delta): 48.4485
19 (QN/Block) 	Elapsed: 2.019	Loglikelihood: -2.88197e+06	(delta): 54.135
20 (QN/Block) 	Elapsed: 2.297	Loglikelihood: -2.88194e+06	(delta): 25.5495
21 (QN/Block) 	Elapsed: 2.368	Loglikelihood: -2.88194e+06	(delta): 1.94761
22 (QN/Block) 	Elapsed: 2.021	Loglikelihood: -2.88194e+06	(delta): 0.295768
23 (QN/Block) 	Elapsed: 1.832	Loglikelihood: -2.88194e+06	(delta): 0.0026775
24 (QN/Block) 	Elapsed: 1.831	Loglikelihood: -2.88194e+06	(delta): 2.38633e-05
Summary: 
Converged in 24 iterations (54.274 sec)
Loglikelihood: -2881940.812730
Fst divergences between estimated populations: 
	Pop0	Pop1	Pop2	Pop3	
Pop0	
Pop1	0.384	
Pop2	0.257	0.276	
Pop3	0.355	0.184	0.257	
Pop4	0.277	0.294	0.103	0.274	
CV error (K=5): 1.28064
Writing output files.
