****                   ADMIXTURE Version 1.3.0                  ****
****                    Copyright 2008-2015                     ****
****           David Alexander, Suyash Shringarpure,            ****
****                John  Novembre, Ken Lange                   ****
****                                                            ****
****                 Please cite our paper!                     ****
****   Information at www.genetics.ucla.edu/software/admixture  ****

Cross-validation will be performed.  Folds=5.
Parallel execution requested.  Will use 10 threads.
Random seed: 43
Point estimation method: Block relaxation algorithm
Convergence acceleration algorithm: QuasiNewton, 3 secant conditions
Point estimation will terminate when objective function delta < 0.0001
Estimation of standard errors disabled; will compute point estimates only.
Size of G: 23x201511
Performing five EM steps to prime main algorithm
1 (EM) 	Elapsed: 0.691	Loglikelihood: -3.91685e+06	(delta): 2.79878e+06
2 (EM) 	Elapsed: 0.702	Loglikelihood: -3.70627e+06	(delta): 210583
3 (EM) 	Elapsed: 0.694	Loglikelihood: -3.62621e+06	(delta): 80058.3
4 (EM) 	Elapsed: 0.571	Loglikelihood: -3.56568e+06	(delta): 60535.4
5 (EM) 	Elapsed: 0.562	Loglikelihood: -3.51283e+06	(delta): 52842.3
Initial loglikelihood: -3.51283e+06
Starting main algorithm
1 (QN/Block) 	Elapsed: 1.899	Loglikelihood: -3.08811e+06	(delta): 424723
2 (QN/Block) 	Elapsed: 2.145	Loglikelihood: -2.93459e+06	(delta): 153521
3 (QN/Block) 	Elapsed: 2.204	Loglikelihood: -2.86308e+06	(delta): 71515.8
4 (QN/Block) 	Elapsed: 2.2	Loglikelihood: -2.82606e+06	(delta): 37019.6
5 (QN/Block) 	Elapsed: 2.481	Loglikelihood: -2.81021e+06	(delta): 15844.3
6 (QN/Block) 	Elapsed: 2.533	Loglikelihood: -2.8037e+06	(delta): 6510.48
7 (QN/Block) 	Elapsed: 2.518	Loglikelihood: -2.79578e+06	(delta): 7920.75
8 (QN/Block) 	Elapsed: 2.184	Loglikelihood: -2.78978e+06	(delta): 5996.79
9 (QN/Block) 	Elapsed: 2.15	Loglikelihood: -2.78786e+06	(delta): 1925.04
10 (QN/Block) 	Elapsed: 1.896	Loglikelihood: -2.78611e+06	(delta): 1752.62
11 (QN/Block) 	Elapsed: 1.87	Loglikelihood: -2.78471e+06	(delta): 1393.85
12 (QN/Block) 	Elapsed: 1.935	Loglikelihood: -2.78404e+06	(delta): 676.136
13 (QN/Block) 	Elapsed: 1.901	Loglikelihood: -2.78262e+06	(delta): 1419.21
14 (QN/Block) 	Elapsed: 2.099	Loglikelihood: -2.78178e+06	(delta): 837.542
15 (QN/Block) 	Elapsed: 2.069	Loglikelihood: -2.78176e+06	(delta): 21.1834
16 (QN/Block) 	Elapsed: 2.206	Loglikelihood: -2.78176e+06	(delta): 0.162522
17 (QN/Block) 	Elapsed: 2.215	Loglikelihood: -2.78176e+06	(delta): 7.61617e-05
Summary: 
Converged in 17 iterations (41.19 sec)
Loglikelihood: -2781757.793814
Fst divergences between estimated populations: 
	Pop0	Pop1	Pop2	Pop3	Pop4	
Pop0	
Pop1	0.111	
Pop2	0.262	0.272	
Pop3	0.131	0.155	0.274	
Pop4	0.259	0.271	0.359	0.293	
Pop5	0.277	0.285	0.169	0.287	0.370	
CV error (K=6): 1.56651
Writing output files.
