****                   ADMIXTURE Version 1.3.0                  ****
****                    Copyright 2008-2015                     ****
****           David Alexander, Suyash Shringarpure,            ****
****                John  Novembre, Ken Lange                   ****
****                                                            ****
****                 Please cite our paper!                     ****
****   Information at www.genetics.ucla.edu/software/admixture  ****

Cross-validation will be performed.  Folds=5.
Parallel execution requested.  Will use 10 threads.
Random seed: 43
Point estimation method: Block relaxation algorithm
Convergence acceleration algorithm: QuasiNewton, 3 secant conditions
Point estimation will terminate when objective function delta < 0.0001
Estimation of standard errors disabled; will compute point estimates only.
Size of G: 23x201511
Performing five EM steps to prime main algorithm
1 (EM) 	Elapsed: 0.79	Loglikelihood: -3.9029e+06	(delta): 2.75378e+06
2 (EM) 	Elapsed: 0.735	Loglikelihood: -3.68455e+06	(delta): 218345
3 (EM) 	Elapsed: 0.797	Loglikelihood: -3.60073e+06	(delta): 83819.7
4 (EM) 	Elapsed: 0.886	Loglikelihood: -3.53892e+06	(delta): 61809.3
5 (EM) 	Elapsed: 0.865	Loglikelihood: -3.48697e+06	(delta): 51949.4
Initial loglikelihood: -3.48697e+06
Starting main algorithm
1 (QN/Block) 	Elapsed: 2.34	Loglikelihood: -3.07836e+06	(delta): 408617
2 (QN/Block) 	Elapsed: 2.25	Loglikelihood: -2.91108e+06	(delta): 167280
3 (QN/Block) 	Elapsed: 3.015	Loglikelihood: -2.80272e+06	(delta): 108360
4 (QN/Block) 	Elapsed: 3.081	Loglikelihood: -2.74839e+06	(delta): 54328.3
5 (QN/Block) 	Elapsed: 3.076	Loglikelihood: -2.72226e+06	(delta): 26124.4
6 (QN/Block) 	Elapsed: 2.623	Loglikelihood: -2.71012e+06	(delta): 12143
7 (QN/Block) 	Elapsed: 2.572	Loglikelihood: -2.70296e+06	(delta): 7163.05
8 (QN/Block) 	Elapsed: 2.715	Loglikelihood: -2.69909e+06	(delta): 3863.57
9 (QN/Block) 	Elapsed: 2.364	Loglikelihood: -2.69838e+06	(delta): 714.421
10 (QN/Block) 	Elapsed: 2.829	Loglikelihood: -2.69835e+06	(delta): 30.3859
11 (QN/Block) 	Elapsed: 2.362	Loglikelihood: -2.69833e+06	(delta): 14.6041
12 (QN/Block) 	Elapsed: 2.265	Loglikelihood: -2.69833e+06	(delta): 6.91503
13 (QN/Block) 	Elapsed: 3.27	Loglikelihood: -2.69832e+06	(delta): 3.42375
14 (QN/Block) 	Elapsed: 2.563	Loglikelihood: -2.69832e+06	(delta): 0.846606
15 (QN/Block) 	Elapsed: 2.631	Loglikelihood: -2.69832e+06	(delta): 0.88647
16 (QN/Block) 	Elapsed: 3.265	Loglikelihood: -2.69832e+06	(delta): 0.685987
17 (QN/Block) 	Elapsed: 2.7	Loglikelihood: -2.69832e+06	(delta): 1.13662
18 (QN/Block) 	Elapsed: 3.185	Loglikelihood: -2.69832e+06	(delta): 3.60121
19 (QN/Block) 	Elapsed: 3.063	Loglikelihood: -2.69831e+06	(delta): 5.08723
20 (QN/Block) 	Elapsed: 3.064	Loglikelihood: -2.69831e+06	(delta): 3.54887
21 (QN/Block) 	Elapsed: 2.852	Loglikelihood: -2.69831e+06	(delta): 2.31048
22 (QN/Block) 	Elapsed: 3.048	Loglikelihood: -2.6983e+06	(delta): 2.71284
23 (QN/Block) 	Elapsed: 3.08	Loglikelihood: -2.6983e+06	(delta): 3.18822
24 (QN/Block) 	Elapsed: 2.612	Loglikelihood: -2.6983e+06	(delta): 3.87356
25 (QN/Block) 	Elapsed: 2.513	Loglikelihood: -2.69829e+06	(delta): 4.82948
26 (QN/Block) 	Elapsed: 3.13	Loglikelihood: -2.69829e+06	(delta): 4.87309
27 (QN/Block) 	Elapsed: 2.832	Loglikelihood: -2.69828e+06	(delta): 2.27249
28 (QN/Block) 	Elapsed: 2.788	Loglikelihood: -2.69828e+06	(delta): 0.226527
29 (QN/Block) 	Elapsed: 2.191	Loglikelihood: -2.69828e+06	(delta): 0.0131686
30 (QN/Block) 	Elapsed: 2.529	Loglikelihood: -2.69828e+06	(delta): 0.000252149
31 (QN/Block) 	Elapsed: 2.551	Loglikelihood: -2.69828e+06	(delta): 1.29757e-05
Summary: 
Converged in 31 iterations (91.636 sec)
Loglikelihood: -2698284.383209
Fst divergences between estimated populations: 
	Pop0	Pop1	Pop2	Pop3	Pop4	Pop5	
Pop0	
Pop1	0.400	
Pop2	0.384	0.243	
Pop3	0.266	0.315	0.290	
Pop4	0.287	0.327	0.307	0.127	
Pop5	0.277	0.317	0.296	0.120	0.143	
Pop6	0.403	0.235	0.239	0.316	0.332	0.323	
CV error (K=7): 1.73493
Writing output files.
