****                   ADMIXTURE Version 1.3.0                  ****
****                    Copyright 2008-2015                     ****
****           David Alexander, Suyash Shringarpure,            ****
****                John  Novembre, Ken Lange                   ****
****                                                            ****
****                 Please cite our paper!                     ****
****   Information at www.genetics.ucla.edu/software/admixture  ****

Cross-validation will be performed.  Folds=5.
Parallel execution requested.  Will use 10 threads.
Random seed: 43
Point estimation method: Block relaxation algorithm
Convergence acceleration algorithm: QuasiNewton, 3 secant conditions
Point estimation will terminate when objective function delta < 0.0001
Estimation of standard errors disabled; will compute point estimates only.
Size of G: 23x201511
Performing five EM steps to prime main algorithm
1 (EM) 	Elapsed: 1.408	Loglikelihood: -3.89555e+06	(delta): 2.72884e+06
2 (EM) 	Elapsed: 1.173	Loglikelihood: -3.67031e+06	(delta): 225244
3 (EM) 	Elapsed: 1.288	Loglikelihood: -3.5788e+06	(delta): 91511
4 (EM) 	Elapsed: 1.353	Loglikelihood: -3.50775e+06	(delta): 71047
5 (EM) 	Elapsed: 1.444	Loglikelihood: -3.44519e+06	(delta): 62566.8
Initial loglikelihood: -3.44519e+06
Starting main algorithm
1 (QN/Block) 	Elapsed: 3.312	Loglikelihood: -2.93036e+06	(delta): 514827
2 (QN/Block) 	Elapsed: 3.056	Loglikelihood: -2.7594e+06	(delta): 170961
3 (QN/Block) 	Elapsed: 3.699	Loglikelihood: -2.66934e+06	(delta): 90063.3
4 (QN/Block) 	Elapsed: 3.773	Loglikelihood: -2.62514e+06	(delta): 44195
5 (QN/Block) 	Elapsed: 3.761	Loglikelihood: -2.6075e+06	(delta): 17636.7
6 (QN/Block) 	Elapsed: 3.727	Loglikelihood: -2.59771e+06	(delta): 9798.33
7 (QN/Block) 	Elapsed: 3.7	Loglikelihood: -2.58918e+06	(delta): 8528.61
8 (QN/Block) 	Elapsed: 3.861	Loglikelihood: -2.58385e+06	(delta): 5322.13
9 (QN/Block) 	Elapsed: 3.31	Loglikelihood: -2.57986e+06	(delta): 3991.46
10 (QN/Block) 	Elapsed: 2.915	Loglikelihood: -2.57842e+06	(delta): 1438.64
11 (QN/Block) 	Elapsed: 3.304	Loglikelihood: -2.57803e+06	(delta): 396.961
12 (QN/Block) 	Elapsed: 3.262	Loglikelihood: -2.57775e+06	(delta): 274.479
13 (QN/Block) 	Elapsed: 3.257	Loglikelihood: -2.57759e+06	(delta): 158.327
14 (QN/Block) 	Elapsed: 3.486	Loglikelihood: -2.57756e+06	(delta): 33.2194
15 (QN/Block) 	Elapsed: 3.877	Loglikelihood: -2.57756e+06	(delta): 0.321915
16 (QN/Block) 	Elapsed: 2.987	Loglikelihood: -2.57756e+06	(delta): 0.274866
17 (QN/Block) 	Elapsed: 3.774	Loglikelihood: -2.57756e+06	(delta): 0.0301662
18 (QN/Block) 	Elapsed: 3.495	Loglikelihood: -2.57756e+06	(delta): 0.0140191
19 (QN/Block) 	Elapsed: 2.935	Loglikelihood: -2.57756e+06	(delta): 0.015544
20 (QN/Block) 	Elapsed: 3.193	Loglikelihood: -2.57756e+06	(delta): 0.0172574
21 (QN/Block) 	Elapsed: 3.012	Loglikelihood: -2.57756e+06	(delta): 0.0190509
22 (QN/Block) 	Elapsed: 3.634	Loglikelihood: -2.57756e+06	(delta): 0.020747
23 (QN/Block) 	Elapsed: 2.765	Loglikelihood: -2.57756e+06	(delta): 0.022521
24 (QN/Block) 	Elapsed: 2.713	Loglikelihood: -2.57756e+06	(delta): 0.0244313
25 (QN/Block) 	Elapsed: 2.554	Loglikelihood: -2.57756e+06	(delta): 0.02648
26 (QN/Block) 	Elapsed: 2.421	Loglikelihood: -2.57756e+06	(delta): 0.220807
27 (QN/Block) 	Elapsed: 2.91	Loglikelihood: -2.57756e+06	(delta): 4.40906
28 (QN/Block) 	Elapsed: 2.984	Loglikelihood: -2.57755e+06	(delta): 1.43001
29 (QN/Block) 	Elapsed: 3.907	Loglikelihood: -2.57755e+06	(delta): 1.97961
30 (QN/Block) 	Elapsed: 3.564	Loglikelihood: -2.57755e+06	(delta): 2.8682
31 (QN/Block) 	Elapsed: 3.269	Loglikelihood: -2.57755e+06	(delta): 4.44217
32 (QN/Block) 	Elapsed: 3.759	Loglikelihood: -2.57754e+06	(delta): 7.27363
33 (QN/Block) 	Elapsed: 2.854	Loglikelihood: -2.57753e+06	(delta): 13.0862
34 (QN/Block) 	Elapsed: 3.227	Loglikelihood: -2.57752e+06	(delta): 7.61008
35 (QN/Block) 	Elapsed: 3.279	Loglikelihood: -2.57752e+06	(delta): 1.18489
36 (QN/Block) 	Elapsed: 3.471	Loglikelihood: -2.57751e+06	(delta): 1.41109
37 (QN/Block) 	Elapsed: 3.469	Loglikelihood: -2.57751e+06	(delta): 2.03984
38 (QN/Block) 	Elapsed: 3.375	Loglikelihood: -2.57751e+06	(delta): 0.00607984
39 (QN/Block) 	Elapsed: 3.477	Loglikelihood: -2.57751e+06	(delta): 0.00040255
40 (QN/Block) 	Elapsed: 3.762	Loglikelihood: -2.57751e+06	(delta): 1.32248e-06
Summary: 
Converged in 40 iterations (142.597 sec)
Loglikelihood: -2577512.812958
Fst divergences between estimated populations: 
	Pop0	Pop1	Pop2	Pop3	Pop4	Pop5	Pop6	
Pop0	
Pop1	0.355	
Pop2	0.271	0.281	
Pop3	0.318	0.324	0.203	
Pop4	0.275	0.278	0.150	0.182	
Pop5	0.185	0.383	0.294	0.341	0.295	
Pop6	0.336	0.337	0.211	0.243	0.187	0.357	
Pop7	0.328	0.330	0.201	0.230	0.180	0.350	0.243	
CV error (K=8): 1.90769
Writing output files.
