****                   ADMIXTURE Version 1.3.0                  ****
****                    Copyright 2008-2015                     ****
****           David Alexander, Suyash Shringarpure,            ****
****                John  Novembre, Ken Lange                   ****
****                                                            ****
****                 Please cite our paper!                     ****
****   Information at www.genetics.ucla.edu/software/admixture  ****

Cross-validation will be performed.  Folds=5.
Parallel execution requested.  Will use 10 threads.
Random seed: 43
Point estimation method: Block relaxation algorithm
Convergence acceleration algorithm: QuasiNewton, 3 secant conditions
Point estimation will terminate when objective function delta < 0.0001
Estimation of standard errors disabled; will compute point estimates only.
Size of G: 23x201511
Performing five EM steps to prime main algorithm
1 (EM) 	Elapsed: 0.928	Loglikelihood: -3.86028e+06	(delta): 2.71134e+06
2 (EM) 	Elapsed: 1.011	Loglikelihood: -3.61197e+06	(delta): 248308
3 (EM) 	Elapsed: 0.875	Loglikelihood: -3.49986e+06	(delta): 112103
4 (EM) 	Elapsed: 1.067	Loglikelihood: -3.41064e+06	(delta): 89224.8
5 (EM) 	Elapsed: 1.011	Loglikelihood: -3.33332e+06	(delta): 77321.7
Initial loglikelihood: -3.33332e+06
Starting main algorithm
1 (QN/Block) 	Elapsed: 2.628	Loglikelihood: -2.83064e+06	(delta): 502677
2 (QN/Block) 	Elapsed: 2.588	Loglikelihood: -2.68255e+06	(delta): 148092
3 (QN/Block) 	Elapsed: 3.197	Loglikelihood: -2.59152e+06	(delta): 91032
4 (QN/Block) 	Elapsed: 4.184	Loglikelihood: -2.55011e+06	(delta): 41404.7
5 (QN/Block) 	Elapsed: 3.79	Loglikelihood: -2.53657e+06	(delta): 13544.4
6 (QN/Block) 	Elapsed: 3.68	Loglikelihood: -2.52473e+06	(delta): 11840.5
7 (QN/Block) 	Elapsed: 3.767	Loglikelihood: -2.51908e+06	(delta): 5643.33
8 (QN/Block) 	Elapsed: 3.665	Loglikelihood: -2.51774e+06	(delta): 1345.2
9 (QN/Block) 	Elapsed: 3.864	Loglikelihood: -2.51762e+06	(delta): 121.372
10 (QN/Block) 	Elapsed: 4.185	Loglikelihood: -2.51757e+06	(delta): 44.8883
11 (QN/Block) 	Elapsed: 4.002	Loglikelihood: -2.51755e+06	(delta): 26.3138
12 (QN/Block) 	Elapsed: 4.627	Loglikelihood: -2.51753e+06	(delta): 14.9265
13 (QN/Block) 	Elapsed: 4.525	Loglikelihood: -2.51753e+06	(delta): 5.7853
14 (QN/Block) 	Elapsed: 4.203	Loglikelihood: -2.51753e+06	(delta): 0.592989
15 (QN/Block) 	Elapsed: 4.3	Loglikelihood: -2.51753e+06	(delta): 0.000825709
16 (QN/Block) 	Elapsed: 3.793	Loglikelihood: -2.51753e+06	(delta): 1.78674e-06
Summary: 
Converged in 16 iterations (67.467 sec)
Loglikelihood: -2517525.636410
Fst divergences between estimated populations: 
	Pop0	Pop1	Pop2	Pop3	Pop4	Pop5	Pop6	Pop7	
Pop0	
Pop1	0.340	
Pop2	0.277	0.348	
Pop3	0.243	0.342	0.281	
Pop4	0.318	0.145	0.325	0.319	
Pop5	0.338	0.160	0.345	0.340	0.146	
Pop6	0.402	0.295	0.415	0.404	0.272	0.292	
Pop7	0.396	0.430	0.384	0.402	0.407	0.429	0.506	
Pop8	0.315	0.162	0.324	0.316	0.141	0.171	0.287	0.409	
CV error (K=9): 1.90752
Writing output files.
